<?xml version="1.0" encoding="UTF-8"?>
<TestRun id="0b1fc178-5d21-4b43-8f97-747dd7974114" name="Lap-dan@LAP-DAN-PC 2011-03-21 16:50:37" runUser="Lap-dan-PC\Lap-dan" xmlns="http://microsoft.com/schemas/VisualStudio/TeamTest/2010">
  <TestSettings name="Local" id="e86c83ff-e53b-478c-840a-aba913a66787">
    <Description>Il s'agit des paramètres de test par défaut pour une série de tests locale.</Description>
    <Deployment userDeploymentRoot="C:\Projects\FoireMuses\TestResults" useDefaultDeploymentRoot="false" enabled="false" runDeploymentRoot="Lap-dan_LAP-DAN-PC 2011-03-21 16_50_37">
      <DeploymentItem filename="C:\Projects\FoireMuses\externals\mindtouch.core.dll" />
      <DeploymentItem filename="C:\Projects\FoireMuses\Core\bin\Debug\FoireMuses.Core.dll" />
      <DeploymentItem filename="C:\Projects\FoireMuses\externals\Autofac.dll" />
      <DeploymentItem filename="C:\Projects\FoireMuses\externals\LoveSeat.dll" />
      <DeploymentItem filename="C:\Projects\FoireMuses\externals\Newtonsoft.Json.dll" />
      <DeploymentItem filename="C:\Projects\FoireMuses\externals\mindtouch.dream.test.dll" />
      <DeploymentItem filename="C:\Projects\FoireMuses\WebHost\services\FoireMuses.WebService.dll" />
      <DeploymentItem filename="C:\Projects\FoireMuses\externals\mindtouch.dream.dll" />
    </Deployment>
    <Execution>
      <TestTypeSpecific />
      <AgentRule name="Execution Agents">
      </AgentRule>
    </Execution>
  </TestSettings>
  <Times creation="2011-03-21T16:50:37.4850000+01:00" queuing="2011-03-21T16:50:44.2820000+01:00" start="2011-03-21T16:50:45.1170000+01:00" finish="2011-03-21T16:54:26.4730000+01:00" />
  <ResultSummary outcome="Error">
    <Counters total="1" executed="1" error="0" failed="0" timeout="0" aborted="1" inconclusive="0" passedButRunAborted="0" notRunnable="0" notExecuted="0" disconnected="0" warning="0" passed="0" completed="0" inProgress="0" pending="0" />
    <RunInfos>
      <RunInfo computerName="LAP-DAN-PC" outcome="Error" timestamp="2011-03-21T16:54:26.4670000+01:00">
        <Text>Test host process exited unexpectedly.</Text>
      </RunInfo>
    </RunInfos>
  </ResultSummary>
  <TestDefinitions>
    <UnitTest name="Can_register_score_from_json" storage="c:\projects\foiremuses\foiremuses.unittests\bin\debug\foiremuses.unittests.dll" id="ab6eda6c-b215-b849-c420-7f0d1e0fa7f7">
      <Execution id="d36643a6-3a91-47af-9527-0ef0cd5bda5c" />
      <TestMethod codeBase="C:/Projects/FoireMuses/FoireMuses.UnitTests/bin/Debug/FoireMuses.UnitTests.DLL" adapterTypeName="Microsoft.VisualStudio.TestTools.TestTypes.Unit.UnitTestAdapter, Microsoft.VisualStudio.QualityTools.Tips.UnitTest.Adapter, Version=10.0.0.0, Culture=neutral, PublicKeyToken=b03f5f7f11d50a3a" className="MindTouch.Core.Test.Services.ScoreServiceTest, FoireMuses.UnitTests, Version=1.0.0.0, Culture=neutral, PublicKeyToken=null" name="Can_register_score_from_json" />
    </UnitTest>
  </TestDefinitions>
  <TestLists>
    <TestList name="Les résultats ne figurent pas dans une liste" id="8c84fa94-04c1-424b-9868-57a2d4851a1d" />
    <TestList name="Tous les résultats chargés" id="19431567-8539-422a-85d7-44ee4e166bda" />
  </TestLists>
  <TestEntries>
    <TestEntry testId="ab6eda6c-b215-b849-c420-7f0d1e0fa7f7" executionId="d36643a6-3a91-47af-9527-0ef0cd5bda5c" testListId="8c84fa94-04c1-424b-9868-57a2d4851a1d" />
  </TestEntries>
  <Results>
    <UnitTestResult executionId="d36643a6-3a91-47af-9527-0ef0cd5bda5c" testId="ab6eda6c-b215-b849-c420-7f0d1e0fa7f7" testName="Can_register_score_from_json" computerName="LAP-DAN-PC" duration="00:03:40.5740000" startTime="2011-03-21T16:50:45.8980000+01:00" endTime="2011-03-21T16:54:26.4720000+01:00" testType="13cdc9d9-ddb5-4fa4-a97d-d965ccfc6d4b" outcome="Aborted" testListId="8c84fa94-04c1-424b-9868-57a2d4851a1d" relativeResultsDirectory="d36643a6-3a91-47af-9527-0ef0cd5bda5c">
    </UnitTestResult>
  </Results>
</TestRun>