<?xml version="1.0" encoding="UTF-8"?>
<TestRun id="8ab7a49a-ce31-4798-b160-302ce49b2800" name="Lap-dan@LAP-DAN-PC 2011-03-21 16:20:33" runUser="Lap-dan-PC\Lap-dan" xmlns="http://microsoft.com/schemas/VisualStudio/TeamTest/2010">
  <TestSettings name="Local" id="e86c83ff-e53b-478c-840a-aba913a66787">
    <Description>Il s'agit des paramètres de test par défaut pour une série de tests locale.</Description>
    <Deployment enabled="false" runDeploymentRoot="Lap-dan_LAP-DAN-PC 2011-03-21 16_20_33">
      <DeploymentItem filename="C:\Projects\FoireMuses\externals\Newtonsoft.Json.dll" />
      <DeploymentItem filename="C:\Projects\FoireMuses\externals\mindtouch.dream.test.dll" />
      <DeploymentItem filename="C:\Projects\FoireMuses\externals\LoveSeat.dll" />
      <DeploymentItem filename="C:\Projects\FoireMuses\externals\mindtouch.core.dll" />
      <DeploymentItem filename="C:\Projects\FoireMuses\externals\mindtouch.dream.dll" />
      <DeploymentItem filename="C:\Projects\FoireMuses\Core\bin\Debug\FoireMuses.Core.dll" />
      <DeploymentItem filename="C:\Projects\FoireMuses\externals\Autofac.dll" />
    </Deployment>
    <Execution>
      <TestTypeSpecific />
      <AgentRule name="Execution Agents">
      </AgentRule>
    </Execution>
  </TestSettings>
  <Times creation="2011-03-21T16:20:33.8350000+01:00" queuing="2011-03-21T16:20:34.1550000+01:00" start="2011-03-21T16:20:35.5290000+01:00" finish="2011-03-21T16:20:51.0680000+01:00" />
  <ResultSummary outcome="Failed">
    <Counters total="2" executed="2" passed="1" error="0" failed="1" timeout="0" aborted="0" inconclusive="0" passedButRunAborted="0" notRunnable="0" notExecuted="0" disconnected="0" warning="0" completed="0" inProgress="0" pending="0" />
  </ResultSummary>
  <TestDefinitions>
    <UnitTest name="Can_register_score_from_json" storage="c:\projects\foiremuses\foiremuses.unittests\bin\debug\foiremuses.unittests.dll" id="ab6eda6c-b215-b849-c420-7f0d1e0fa7f7">
      <Execution id="a0bf10f0-9534-42fb-9b35-f69475851fef" />
      <TestMethod codeBase="C:/Projects/FoireMuses/FoireMuses.UnitTests/bin/Debug/FoireMuses.UnitTests.DLL" adapterTypeName="Microsoft.VisualStudio.TestTools.TestTypes.Unit.UnitTestAdapter, Microsoft.VisualStudio.QualityTools.Tips.UnitTest.Adapter, Version=10.0.0.0, Culture=neutral, PublicKeyToken=b03f5f7f11d50a3a" className="MindTouch.Core.Test.Services.ScoreServiceTest, FoireMuses.UnitTests, Version=1.0.0.0, Culture=neutral, PublicKeyToken=null" name="Can_register_score_from_json" />
    </UnitTest>
    <UnitTest name="TestMethod1" storage="c:\projects\foiremuses\foiremuses.unittests\bin\debug\foiremuses.unittests.dll" id="ad775e99-3730-5a4a-7406-6ca8a62d068e">
      <Execution id="b82bec8e-154b-4c0f-aa41-086f9542b2d3" />
      <TestMethod codeBase="C:/Projects/FoireMuses/FoireMuses.UnitTests/bin/Debug/FoireMuses.UnitTests.DLL" adapterTypeName="Microsoft.VisualStudio.TestTools.TestTypes.Unit.UnitTestAdapter, Microsoft.VisualStudio.QualityTools.Tips.UnitTest.Adapter, Version=10.0.0.0, Culture=neutral, PublicKeyToken=b03f5f7f11d50a3a" className="FoireMuses.UnitTests.UnitTest1, FoireMuses.UnitTests, Version=1.0.0.0, Culture=neutral, PublicKeyToken=null" name="TestMethod1" />
    </UnitTest>
  </TestDefinitions>
  <TestLists>
    <TestList name="Les résultats ne figurent pas dans une liste" id="8c84fa94-04c1-424b-9868-57a2d4851a1d" />
    <TestList name="Tous les résultats chargés" id="19431567-8539-422a-85d7-44ee4e166bda" />
  </TestLists>
  <TestEntries>
    <TestEntry testId="ab6eda6c-b215-b849-c420-7f0d1e0fa7f7" executionId="a0bf10f0-9534-42fb-9b35-f69475851fef" testListId="8c84fa94-04c1-424b-9868-57a2d4851a1d" />
    <TestEntry testId="ad775e99-3730-5a4a-7406-6ca8a62d068e" executionId="b82bec8e-154b-4c0f-aa41-086f9542b2d3" testListId="8c84fa94-04c1-424b-9868-57a2d4851a1d" />
  </TestEntries>
  <Results>
    <UnitTestResult executionId="a0bf10f0-9534-42fb-9b35-f69475851fef" testId="ab6eda6c-b215-b849-c420-7f0d1e0fa7f7" testName="Can_register_score_from_json" computerName="LAP-DAN-PC" startTime="2011-03-21T16:20:35.9580000+01:00" endTime="2011-03-21T16:20:49.7190000+01:00" testType="13cdc9d9-ddb5-4fa4-a97d-d965ccfc6d4b" outcome="Failed" testListId="8c84fa94-04c1-424b-9868-57a2d4851a1d" relativeResultsDirectory="a0bf10f0-9534-42fb-9b35-f69475851fef">
      <Output>
        <ErrorInfo>
          <Message>Class Initialization method MindTouch.Core.Test.Services.ScoreServiceTest.GlobalSetup threw exception. System.Exception: System.Exception: Unable to start service with config:
&lt;config&gt;
  &lt;sid&gt;http://foiremuses.org/service&lt;/sid&gt;
  &lt;path&gt;foiremuses_wl0&lt;/path&gt;
&lt;/config&gt;
BadRequest: blueprint not found.</Message>
          <StackTrace>    at MindTouch.Dream.Test.DreamTestHelper.CreateService(DreamHostInfo hostInfo, XDoc config)
   at MindTouch.Dream.Test.DreamTestHelper.CreateService(DreamHostInfo hostInfo, String sid, String pathPrefix, XDoc extraConfig)
   at MindTouch.Core.Test.Services.ScoreServiceTest.GlobalSetup(TestContext testContext) in C:\Projects\FoireMuses\FoireMuses.UnitTests\Class1.cs:line 176
</StackTrace>
        </ErrorInfo>
      </Output>
    </UnitTestResult>
    <UnitTestResult executionId="b82bec8e-154b-4c0f-aa41-086f9542b2d3" testId="ad775e99-3730-5a4a-7406-6ca8a62d068e" testName="TestMethod1" computerName="LAP-DAN-PC" duration="00:00:00.0517010" startTime="2011-03-21T16:20:49.7310000+01:00" endTime="2011-03-21T16:20:49.8730000+01:00" testType="13cdc9d9-ddb5-4fa4-a97d-d965ccfc6d4b" outcome="Passed" testListId="8c84fa94-04c1-424b-9868-57a2d4851a1d" relativeResultsDirectory="b82bec8e-154b-4c0f-aa41-086f9542b2d3">
    </UnitTestResult>
  </Results>
</TestRun>